rel(car, coupe)
rel(gas_tank_car, coupe)
rel(electric_car, coupe)
~rel(charged, coupe)
rel(fueled, coupe)
rel(powered, coupe)
rel(car, convertible)
rel(gas_tank_car, convertible)
rel(electric_car, convertible)
rel(charged, convertible)
~rel(fueled, convertible)
rel(powered, convertible)
abnormal(convertible, gas_tank_car, "rel(powered, convertible)")
