rel(car, ford1)
rel(gas_tank_car, ford1)
~rel(powered, ford1)
~rel(fueled, ford1)
abnormal(ford1, car, "~rel(powered, ford1)")
rel(car, prius1)
rel(gas_tank_car, prius1)
rel(electric_car, prius1)
rel(charged, prius1)
~rel(fueled, prius1)
rel(powered, prius1)
abnormal(prius1, gas_tank_car, "rel(powered, prius1)")
