rel(car, ford1)
rel(gas_tank_car, ford1)
~rel(powered, ford1)
~rel(fueled, ford1)
abnormal(ford1, car, "~rel(powered, ford1)")
