rel(car, ford)
rel(gas_tank_car, ford)
~rel(powered, ford)
~rel(fueled, ford)
abnormal(ford, car, "~rel(powered, ford)")
rel(car, prius)
rel(gas_tank_car, prius)
rel(electric_car, prius)
rel(charged, prius)
~rel(fueled, prius)
rel(powered, prius)
abnormal(prius, gas_tank_car, "rel(powered, prius)")
rel(car, ford2)
rel(gas_tank_car, ford2)
~rel(powered, ford2)
~rel(fueled, ford2)
abnormal(ford2, car, "~rel(powered, ford2)")
rel(car, prius2)
rel(gas_tank_car, prius2)
rel(electric_car, prius2)
rel(charged, prius2)
~rel(fueled, prius2)
rel(powered, prius2)
abnormal(prius2, gas_tank_car, "rel(powered, prius2)")
