rel(car, ford)
rel(gas_tank_car, ford)
~rel(powered, ford)
~rel(fueled, ford)
abnormal(ford, car, "~rel(powered, ford)")
rel(car, prius)
rel(gas_tank_car, prius)
rel(electric_car, prius)
rel(charged, prius)
rel(fueled, prius)
rel(powered, prius)
