~rel(shell_bearer, steve)
abnormal(steve, mollusk, shell_bearer)
rel(mollusk, steve)
rel(cephalopod, steve)
~rel(shell_bearer, sonny)
abnormal(sonny, mollusk, shell_bearer)
rel(mollusk, sonny)
rel(cephalopod, sonny)
~rel(shell_bearer, sam)
abnormal(sam, mollusk, shell_bearer)
rel(mollusk, sam)
rel(cephalopod, sam)
~rel(shell_bearer, sue)
abnormal(sue, mollusk, shell_bearer)
rel(mollusk, sue)
rel(cephalopod, sue)
