rel(cephalopod, steve)
rel(mollusk, steve)
abnormal(steve, mollusk, shell_bearer)
~rel(shell_bearer, steve)
rel(naked_nautilus, barry)
rel(nautilus, barry)
rel(cephalopod, barry)
rel(mollusk, barry)
abnormal(barry, mollusk, shell_bearer)
abnormal(barry, nautilus, shell_bearer)
~rel(shell_bearer, barry)
