rel(mollusk, manny)
rel(shell_bearer, manny)
rel(cephalopod, steve)
rel(mollusk, steve)
abnormal(steve, mollusk, shell_bearer)
~rel(shell_bearer, steve)
rel(nautilus, nancy)
rel(cephalopod, nancy)
rel(mollusk, nancy)
abnormal(nancy, cephalopod, shell_bearer)
rel(shell_bearer, nancy)
