rel(mollusk, manny)
rel(shell_bearer, manny)
rel(nautilus, nancy)
rel(cephalopod, nancy)
rel(mollusk, nancy)
abnormal(nancy, cephalopod, shell_bearer)
rel(shell_bearer, nancy)
rel(naked_nautilus, barry)
rel(nautilus, barry)
rel(cephalopod, barry)
rel(mollusk, barry)
abnormal(barry, mollusk, shell_bearer)
abnormal(barry, nautilus, shell_bearer)
~rel(shell_bearer, barry)
