~rel(shell_bearer, steve)
rel(naked_nautilus, steve)
rel(nautilus, steve)
rel(cephalopod, steve)
rel(mollusk, steve)
abnormal(steve, mollusk, "~rel(shell_bearer, steve)")
abnormal(steve, nautilus, "~rel(shell_bearer, steve)")
rel(car, ford)
rel(gas_tank_car, ford)
~rel(powered, ford)
~rel(fueled, ford)
abnormal(ford, car, "~rel(powered, ford)")
rel(car, prius)
rel(gas_tank_car, prius)
rel(electric_car, prius)
rel(charged, prius)
~rel(fueled, prius)
rel(powered, prius)
abnormal(prius, gas_tank_car, "rel(powered, prius)")
