~rel(shell_bearer, steve)
abnormal(steve, mollusk, "~rel(shell_bearer, steve)")
rel(mollusk, steve)
rel(cephalopod, steve)
~rel(shell_bearer, sonny)
abnormal(sonny, mollusk, "~rel(shell_bearer, sonny)")
rel(mollusk, sonny)
rel(cephalopod, sonny)
~rel(shell_bearer, sam)
abnormal(sam, mollusk, "~rel(shell_bearer, sam)")
rel(mollusk, sam)
rel(cephalopod, sam)
~rel(shell_bearer, sue)
abnormal(sue, mollusk, "~rel(shell_bearer, sue)")
rel(mollusk, sue)
rel(cephalopod, sue)
