rel(cephalopod, steve)
rel(mollusk, steve)
abnormal(steve, mollusk, "~rel(shell_bearer, steve)")
~rel(shell_bearer, steve)
rel(naked_nautilus, barry)
rel(nautilus, barry)
rel(cephalopod, barry)
rel(mollusk, barry)
abnormal(barry, mollusk, "~rel(shell_bearer, barry)")
abnormal(barry, nautilus, "~rel(shell_bearer, barry)")
~rel(shell_bearer, barry)
