~rel(shell_bearer, bob)
rel(naked_nautilus, bob)
rel(nautilus, bob)
rel(cephalopod, bob)
rel(mollusk, bob)
abnormal(bob, mollusk, "~rel(shell_bearer, bob)")
abnormal(bob, nautilus, "~rel(shell_bearer, bob)")
