~rel(shell_bearer, bob)
rel(mollusk, bob)
abnormal(bob, mollusk, "~rel(shell_bearer, bob)")
