rel(cephalopod, steve)
rel(mollusk, steve)
abnormal(steve, mollusk, "~rel(shell_bearer, steve)")
~rel(shell_bearer, steve)
rel(nautilus, nancy)
rel(cephalopod, nancy)
rel(mollusk, nancy)
abnormal(nancy, cephalopod, "rel(shell_bearer, nancy)")
rel(shell_bearer, nancy)
rel(naked_nautilus, barry)
rel(nautilus, barry)
rel(cephalopod, barry)
rel(mollusk, barry)
abnormal(barry, mollusk, "~rel(shell_bearer, barry)")
abnormal(barry, nautilus, "~rel(shell_bearer, barry)")
~rel(shell_bearer, barry)
rel(cephalopod, sam)
rel(mollusk, sam)
abnormal(sam, mollusk, "~rel(shell_bearer, sam)")
~rel(shell_bearer, sam)
