rel(mollusk, manny)
rel(shell_bearer, manny)
rel(cephalopod, steve)
rel(mollusk, steve)
abnormal(steve, mollusk, "~rel(shell_bearer, steve)")
~rel(shell_bearer, steve)
rel(nautilus, nancy)
rel(cephalopod, nancy)
rel(mollusk, nancy)
abnormal(nancy, cephalopod, "rel(shell_bearer, nancy)")
rel(shell_bearer, nancy)
