rel(shell_bearer, steve)
abnormal(steve, cephalopod, "rel(shell_bearer, steve)")
rel(mollusk, steve)
rel(cephalopod, steve)
rel(nautilus, steve)
rel(shell_bearer, sonny)
abnormal(sonny, cephalopod, "rel(shell_bearer, sonny)")
rel(mollusk, sonny)
rel(cephalopod, sonny)
rel(nautilus, sonny)
rel(shell_bearer, sam)
abnormal(sam, cephalopod, "rel(shell_bearer, sam)")
rel(mollusk, sam)
rel(cephalopod, sam)
rel(nautilus, sam)
rel(shell_bearer, sue)
abnormal(sue, cephalopod, "rel(shell_bearer, sue)")
rel(mollusk, sue)
rel(cephalopod, sue)
rel(nautilus, sue)
