~rel(shell_bearer, steve)
rel(naked_nautilus, steve)
rel(nautilus, steve)
rel(cephalopod, steve)
rel(mollusk, steve)
abnormal(steve, mollusk, "~rel(shell_bearer, steve)")
abnormal(steve, nautilus, "~rel(shell_bearer, steve)")
